<?xml version="1.0" encoding="utf-8"?><testsuites name="pytest tests"><testsuite name="pytest" errors="0" failures="0" skipped="0" tests="0" time="0.008" timestamp="2026-01-27T08:58:38.597779+03:00" hostname="bitz-B760M-DS3H" /></testsuites>